// Jest Snapshot v1, https://goo.gl/fbAQLP

exports[`LaunchCard renders correctly 1`] = `
<LaunchCard
  classes={
    Object {
      "buttonWrapper": "LaunchCard-buttonWrapper-6",
      "cardContainer": "LaunchCard-cardContainer-1",
      "detailContainer": "LaunchCard-detailContainer-7",
      "failedText": "LaunchCard-failedText-4",
      "flightNumberContainer": "LaunchCard-flightNumberContainer-8",
      "picture": "LaunchCard-picture-2",
      "subtitle": "LaunchCard-subtitle-5",
      "textWrapper": "LaunchCard-textWrapper-3",
    }
  }
  launchData={
    Array [
      Object {
        "cap_serial": null,
        "core_serial": "Merlin 1A",
        "details": "Engine failure at 33 seconds and loss of vehicle",
        "flight_number": 1,
        "landing_type": null,
        "landing_vehicle": null,
        "launch_date_local": "2006-03-25T10:30:00+12:00",
        "launch_site": Object {
          "site_id": "kwajalein_atoll",
          "site_name": "Kwajalein Atoll",
        },
        "links": Object {
          "article_link": "https://www.space.com/2196-spacex-inaugural-falcon-1-rocket-lost-launch.html",
          "mission_patch": "http://spacexpatchlist.space/images/thumbs/falcon_1_flight_1.png",
          "video_link": "https://www.youtube.com/watch?v=0a_00nJ_Y88",
        },
        "payloads": Array [
          Object {
            "customers": Array [
              "DARPA",
            ],
            "orbit": "LEO",
            "payload_id": "FalconSAT-2",
            "payload_mass_kg": 20,
            "payload_mass_lbs": 43,
            "payload_type": "Satellite",
          },
        ],
        "rocket": Object {
          "rocket_id": "falcon1",
          "rocket_name": "Falcon 1",
          "rocket_type": "Merlin A",
        },
        "telemetry": Object {
          "flight_club": null,
        },
      },
    ]
  }
  launchpadsData={
    Array [
      Object {
        "details": "SpaceX original launch site, where all of the Falcon 1 launches occured. Abandoned as SpaceX decided against upgrading the pad to support Falcon 9.",
        "full_name": "Kwajalein Atoll",
        "id": "kwajalein_atoll",
        "location": Object {
          "latitude": 9.0477206,
          "longitude": 167.7431292,
          "name": "Omelek Island",
          "region": "Marshall Islands",
        },
        "status": "retired",
        "vehicles_launched": "falcon 1",
      },
    ]
  }
/>
`;
